let f (type a) : unit = ()

let f (type a : immediate) : unit = ()

let f (type a) x : unit = ()

let f x y : unit = ()

let f (type a : value) x : unit = ()

let f (type a) = (() : unit @@ local)

let f (type a : immediate) = (() : unit @@ local)

let f (type a) x = (() : unit @@ local)

let f x y = (() : unit @@ local)

let f (type a : value) x = (() : unit @@ local)
