let f a b c = 1

let f (a @ local) ~foo:(b @ local) ?foo:(c @ local = 1) ~(d @ local) = ()

let f ~(x @ local) ~(y : string @ local) ?(z : string @ local) = ()

let xs = [(fun (a @ local) (type b) ~(c @ local) @ local -> 1)]

let xs = [(fun (a @ local) (type b) ~(c @ local) -> exclave_ 1)]

let f () @ local =
  let a = [(1 : @ local)] in
  let r @ local = 1 in
  let f : 'a. ('a -> 'a) @ local = fun x @ local -> x in
  let (g @ local) a b c : int = 1 in
  let () = g (fun () -> () : @ local) in
  ("asdfasdfasdfasdfasdfasdfasdf" : @ local)

let f () = exclave_
  let a = [exclave_ 1] in
  let r @ local = 1 in
  let f : 'a. ('a -> 'a) @ local = fun x -> exclave_ x in
  let (g @ local) a b c : int = 1 in
  let () = g (exclave_ fun () -> ()) in
  exclave_ "asdfasdfasdfasdfasdfasdfasdf"

type 'a r = {mutable a: 'a; b: 'a; c: 'a @@ global}

type 'a r =
  | Foo of 'a @@ global
  | Bar of 'a * 'a @@ global
  | Baz of int @@ global * string * 'a @@ global

type ('a, 'b) cfn =
  a:'a @ local -> ?b:b @ local -> 'a @ local -> (int -> 'b @ local)

let _ = (() : @ local)

let _ = exclave_ ()

let () = (x : @ local)

let () = exclave_ x

let {b} = (() : @ local)

let {b} = exclave_ ()

let () = (r : @ local)

let () = exclave_ r

let x : string @ local = "hi"

let (x : string) = ("hi" : @ local)

let (x : string) = exclave_ "hi"

let x = (("hi" : string) : @ local)

let x = exclave_ ("hi" : string)

let x : 'a. 'a -> 'a = ("hi" : @ local)

let x : 'a. 'a -> 'a = exclave_ "hi"

let f : 'a. ('a -> 'a) @ local = "hi"

let foo () =
  if true then (() : @ local) ;
  ()

let[@ocaml.local] upstream_local_attr_long x = x

module type S = functor (_ : S) (_ : S) -> S

let[@ocaml.local never] upstream_local_attr_never_long x = x

let[@ocaml.local always] upstream_local_attr_always_long x = x

let[@ocaml.local maybe] upstream_local_attr_maybe_long x = x

let[@local] upstream_local_attr_short x = x

let[@local never] upstream_local_attr_never_short x = x

let[@local always] upstream_local_attr_always_short x = x

let[@local maybe] upstream_local_attr_maybe_short x = x

let f x @ local =
  (* a *)
  (* b *)
  (* c *)
  (* d *)
  let y = 1 in
  x + y

let f x =
  (* a *)
  (* b *)
  exclave_
  (* c *)
  (* d *)
  let y = 1 in
  x + y

let x =
  (* a *)
  (* b *)
  ( (* c *)
    (* d *)
    let y = 1 in
    y
    :
    @ local )

let x =
  (* a *)
  (* b *)
  exclave_
  (* c *)
  (* d *)
  let y = 1 in
  y

module type S = functor (_ : S) (_ : S) -> S
(* this is here to make sure we pass the AST equality checks even when the
   extended AST is different *)

let f
    (* a *)
    (* b *)
    (* c *)
    (* d *) (a @ local)
    ~foo:
      (* e *)
      (* f *)
      (* g *)
      (* h *)
      (b @ local) ?foo:(c @ local = 1) ~(d @ local) =
  ()

type 'a r =
  { mutable a: 'a
  ; b: 'a
  ; (* a *)
    (* b *)
    (* c *)
    (* d *) c: 'a @@ global }

type 'a r =
  | Foo of
      (* a *)
      (* b *)
      (* c *)
      (* d *)
      'a @@ global
  | Bar of
      'a
      * (* e *)
        (* f *)
        (* g *)
        (* h *)
      'a @@ global
  | Baz of
      int @@ global
      * string
      * (* i *)
        (* j *)
        (* k *)
        (* l *)
      'a @@ global

let () =
  let foo (_ : int @ local) = 10 in
  let bar (Some x : _ @ local) = Some 10 in
  let baz (Some x @ local) = Some 10 in
  ()

type t : value

let _ = (x : @ local) + y

let _ = (x : @ local) |> f

let _ = (x + y : @ local)

let _ = (x |> f : @ local)

let _ = (exclave_ x) + y

let _ = (exclave_ x) |> f

let _ = exclave_ x + y

let _ = exclave_ x |> f

let _ =
  (* 1 *)
  M.x (* 2 *) l (* 3 *)
    ~f:
      (* 4 *)
      ( (* 5 *)
        (* 6 *)
        fun x (* 7 *) ->
          Xxxxxxxxxxxxxxxxxxxxxxxx.xxxxxxxxxxxx
            (* 7 *)
            ( module struct
              type nonrec t = M.t
            end )
        :
        @ local )

let _ =
  List.iter l
    ~f:
      ( fun xxxxx ->
          Xxxxxxxxxxxxxxxxxxxxxxxx.xxxxxxxxxxxxxxxxxxxxx
            ( module struct
              type nonrec t = M.t
            end )
        :
        @ local )

let _ =
  (* 1 *)
  M.x (* 2 *) l (* 3 *)
    ~f:
      (* 4 *)
      ( (* 5 *)
        (* 6 *)
        function
        | x (* 7 *) ->
            Xxxxxxxxxxxxxxxxxxxxxxxx.xxxxxxxxxxxx
              (* 8 *)
              ( module struct
                type nonrec t = M.t
              end )
        :
        @ local )

let _ =
  List.iter l
    ~f:
      ( function
        | xxxxx ->
            Xxxxxxxxxxxxxxxxxxxxxxxx.xxxxxxxxxxxxxxxxxxxxx
              ( module struct
                type nonrec t = M.t
              end )
        :
        @ local )

let _ =
  (* 1 *)
  M.x (* 2 *) l (* 3 *)
    ~f:
      (* 4 *)
      ( (* 5 *)
        (* 6 *)
        function
        | _ ->
            Xxxxxxxxxxxxxxxxxxxxxxxx.xxxxx
              (* 8 *)
              ( module struct
                type nonrec t = M.t
              end )
        | _ ->
            Xxxxxxxxxxxxxxxxxxxxxxxx.xxxxx
              (* 9 *)
              ( module struct
                type nonrec t = M.t
              end )
        :
        @ local )

let _ =
  List.iter l
    ~f:
      ( function
        | _ ->
            Xxxxxxxxxxxxxxxxxxxxxxxx.xxxxxxxxxxxx
              ( module struct
                type nonrec t = M.t
              end )
        | _ ->
            Xxxxxxxxxxxxxxxxxxxxxxxx.xxxxxxxxxxxx
              ( module struct
                type nonrec t = M.t
              end )
        :
        @ local )

let _ =
  List.iter l (* 1 *)
    ~f:
      ( (* 2 *)
        (* 3 *)
        fun (* 4 *) xxxxx ->
          (* 5 *)
          Xxxxxxxxxxxxxxxxxxxxxxxx.xxxxxxxxxxxxxxxxxxxxx
            ( module struct
              type nonrec t = M.t
            end )
        :
        @ local )
    ~g:x

let _ =
  List.iter l
    ~f:
      ( fun xxxxx ->
          Xxxxxxxxxxxxxxxxxxxxxxxx.xxxxxxxxxxxxxxxxxxxxx
            ( module struct
              type nonrec t = M.t
            end )
        :
        @ local )
    ~g:x

let _ =
  List.iter l (* 1 *)
    ~f:
      ( (* 2 *)
        (* 3 *)
        function
        (* 4 *)
        | xxxxx ->
            (* 5 *)
            Xxxxxxxxxxxxxxxxxxxxxxxx.xxxxxxxxxxxxxxxxxxxxx
              ( module struct
                type nonrec t = M.t
              end )
        :
        @ local )
    ~g:x

let _ =
  List.iter l
    ~f:
      ( function
        | xxxxx ->
            Xxxxxxxxxxxxxxxxxxxxxxxx.xxxxxxxxxxxxxxxxxxxxx
              ( module struct
                type nonrec t = M.t
              end )
        :
        @ local )
    ~g:x

let _ =
  List.iter l (* 1 *)
    ~f:
      ( (* 2 *)
        (* 3 *)
        function
        (* 4 *)
        | _ (* 5 *) -> Xxxxxxxxxxxxxxxxxxxxxxxx.xxxxxxxxxxxxxxxxxxxxx x
        | _ (* 6 *) -> Xxxxxxxxxxxxxxxxxxxxxxxx.xxxxxxxxxxxxxxxxxxxxx x
        :
        @ local )
    ~g:x

let _ =
  List.iter l
    ~f:
      ( function
        | _ -> Xxxxxxxxxxxxxxxxxxxxxxxx.xxxxxxxxxxxxxxxxxxxxx x
        | _ -> Xxxxxxxxxxxxxxxxxxxxxxxx.xxxxxxxxxxxxxxxxxxxxx x
        :
        @ local )
    ~g:x

(* [exclave_] *)
let _ =
  List.iter l
    ~f:
      ( function
        (* x *)
        | xxxxx (* y *) ->
            (* z *)
            exclave_
            (* w *)
            Xxxxxxxxxxxxxxxxxxxxxxxx.xxxxxxxxxxxxxxxxxxxxx
              ( module struct
                type nonrec t = M.t
              end )
        :
        @ local )
    ~g:x

let _ =
  List.iter l
    ~f:
      ( fun (* x *) xxxxx (* y *) ->
          (* z *)
          exclave_
          (* w *)
          Xxxxxxxxxxxxxxxxxxxxxxxx.xxxxxxxxxxxxxxxxxxxxx
            ( module struct
              type nonrec t = M.t
            end )
        :
        @ local )

let _ =
  List.iter l
    ~f:
      ( function
        | xxxxx ->
            exclave_
            Xxxxxxxxxxxxxxxxxxxxxxxx.xxxxxxxxxxxxxxxxxxxxx
              ( module struct
                type nonrec t = M.t
              end )
        :
        @ local )
    ~g:x

let _ =
  List.iter l
    ~f:
      ( fun xxxxx -> exclave_
          Xxxxxxxxxxxxxxxxxxxxxxxx.xxxxxxxxxxxxxxxxxxxxx
            ( module struct
              type nonrec t = M.t
            end )
        :
        @ local )

(* Two funs breaks comments *)
let _ = M.f ~x:(fun _ -> x) ~y:((* c *) stack_ fun _ -> y)

(* No [local_] (for reference) *)
let _ =
  List.iter l ~f:(fun xxxxx ->
      Xxxxxxxxxxxxxxxxxxxxxxxx.xxxxxxxxxxxxxxxxxxxxx
        ( module struct
          type nonrec t = M.t
        end ) )

let _ =
  List.iter l
    ~f:(fun xxxxx ->
      Xxxxxxxxxxxxxxxxxxxxxxxx.xxxxxxxxxxxxxxxxxxxxx
        ( module struct
          type nonrec t = M.t
        end ) )
    ~g:x

let _ =
  List.iter l
    ~f:(function
      | xxxxx ->
          Xxxxxxxxxxxxxxxxxxxxxxxx.xxxxxxxxxxxxxxxxxxxxx
            ( module struct
              type nonrec t = M.t
            end ) )
    ~g:x

(* Two arguments *)
let xxxxxxxxxxxxxxxxx xxxxxxx ~xxx =
  xxxxxxx
    ( fun () ->
        xxxxxxxxxxxxxxxxxxxxxxxxxxxxxxxxxxxxxxxxxxxxxxxxxxxxxxxxxx ;
        xxxxxxxxxxxxxxxxxxxxxxxxxxxxxxxxxxxxxxxxxxxxxxxxxxxxxxxxxx
      :
      @ local )
    ( fun () ->
        xxxxxxxxxxxxxxxxxxxxxxxxxxxxxxxxxxxxxxxxxxxxxxxxxxxxxxxxxx ;
        xxxxxxxxxxxxxxxxxxxxxxxxxxxxxxxxxxxxxxxxxxxxxxxxxxxxxxxxxx
      :
      @ local )

(* Comment shouldn't split [local_ fun] *)
let x =
  xxxxxxx
    ~xxxxxxxxxxxxxxxxxxxxxxxxxxx:(fun _ -> x)
    ~xxxxxxxxxxxxxxxxxxxxxxxxxxx:
      (* xxxxxxxxxxxxxxxxxxxxxxxxxx *)
      (fun _ _ -> xxxxxxxxxxxxxxxxxxxxxx : @ local)
